"Assembly ID"	"oprD promoter integrity (alignment coverage)"	"oprD nucleotide sequence alignment coverage "	"OprD variant hit (AA level)"	"OprD alignment coverage (AA level)"	"OprD sequence identity (%; AA level)"	"OprD integrity (AA level)"	"Missense/nonsense mutations"	"PorinPredict final classification"
287.7837	"complete (100%)"	"1326/1326 (100%)"	"OprD_1"	"441/441 (100%)"	100	"intact - exact match"	NA	"OprD intact"
