"Assembly ID"	"oprD promoter completeness"	"OprD variant hit"	"OprD coding region"	"variant -- aligned query length/subject length *100 -- subject identity"	"Missense/nonsense mutation"	"PorinPredict classification"
287.7775	"complete_100%"	"OprD_1"	"premature stop"	"OprD_1--100--99.8%"	"W415X"	"OprD inactivated"
