"Assembly ID"	"oprD promoter completeness"	"oprD nucleotide sequence alignment coverage "	"OprD variant hit (AA level)"	"OprD coding region classification (AA level)"	"variant -- aligned query length/subject length *100 -- subject identity (AA level)"	"Missense/nonsense mutation"	"PorinPredict classification"
287.12732	"incomplete_66.67%"	"1332/1332 (100%)"	"OprD_6"	"intact - exact match"	"OprD_6--100--100%"	NA	"OprD inactivated"
