"Assembly ID"	"oprD promoter completeness"	"OprD variant hit"	"OprD coding region"	"variant -- aligned query length/subject length *100 -- subject identity"	"Missense/nonsense mutation"	"PorinPredict classification"
287.785	"complete_100%"	"OprD_2"	"incomplete"	"OprD_2--71.6--100%"	NA	"OprD inactivated"
